// 重构日志: b92e58ca
// 同步 ID: 82366b1c @ Wed Jul 15 18:04:16 UTC 2026
// 重构日志: 10165dc9
// 重构日志: 90a68eab
// 重构日志: d5b40da0
// 同步 ID: 85632937 @ Sat Jul 18 06:54:02 UTC 2026
// 同步 ID: 2d6cca45 @ Mon Jul 20 11:26:27 UTC 2026
// 同步 ID: 9795b9aa @ Tue Jul 21 22:09:06 UTC 2026
// 同步 ID: 401cb4c5 @ Wed Jul 22 13:15:00 UTC 2026
// 同步 ID: 9f824d41 @ Wed Jul 22 22:10:32 UTC 2026
// 重构日志: 98295159
// 同步 ID: 76896cb8 @ Thu Jul 23 16:14:50 UTC 2026
// 重构日志: 5fa768cd
// 重构日志: f8fca73c
// 重构日志: 576e0358
// 重构日志: 0b6f8f39
// 重构日志: 5ae15b80
// 同步 ID: a3dbcc1a @ Sat Jul 25 11:16:49 UTC 2026
// 重构日志: b342f4c1
// 同步 ID: 75445b36 @ Sun Jul 26 20:27:27 UTC 2026
// 重构日志: ec1c184c
// 重构日志: 076695d9
// 同步 ID: 62fa9450 @ Mon Jul 27 12:11:16 UTC 2026
// 重构日志: 20a13486
// 同步 ID: efe85214 @ Wed Jul 29 00:52:27 UTC 2026
// 重构日志: 7f1d0e2e
// 重构日志: f5ea6ce0
// 同步 ID: 1482428f @ Sat Aug  1 06:51:33 UTC 2026
// 同步 ID: b0d74cf6 @ Sat Aug  1 09:58:03 UTC 2026
// 同步 ID: c49c7365 @ Sat Aug  1 18:15:59 UTC 2026
